Microchip MPLAB XC8 Compiler V1.36 ()

Linker command line:

-W-3 --edf=C:\Program Files\Microchip\xc8\v1.36\dat\en_msgs.txt -cs \
  -h+dist/default/production\IrRemoteExample1.production.sym \
  --cmf=dist/default/production\IrRemoteExample1.production.cmf -z \
  -Q16F877A -oC:\Users\bagwan\AppData\Local\Temp\s54k.2 \
  -Mdist/default/production/IrRemoteExample1.production.map -E1 -ver=XC8 \
  -ASTACK=0110h-016fh -pstack=STACK -ACODE=00h-07FFhx4 -ASTRCODE=00h-01FFFh \
  -ASTRING=00h-0FFhx32 -ACONST=00h-0FFhx32 -AENTRY=00h-0FFhx32 \
  -ACOMMON=070h-07Fh -ABANK0=020h-06Fh -ABANK1=0A0h-0EFh \
  -ABANK2=0110h-016Fh -ABANK3=0190h-01EFh \
  -ARAM=020h-06Fh,0A0h-0EFh,0110h-016Fh,0190h-01EFh \
  -AABS1=020h-07Fh,0A0h-0EFh,0110h-016Fh,0190h-01EFh -ASFR0=00h-01Fh \
  -ASFR1=080h-09Fh -ASFR2=0100h-010Fh -ASFR3=0180h-018Fh \
  -preset_vec=00h,intentry=04h,init,end_init -ppowerup=CODE -pcinit=CODE \
  -pfunctab=CODE -ACONFIG=02007h-02007h -pconfig=CONFIG -DCONFIG=2 \
  -AIDLOC=02000h-02003h -pidloc=IDLOC -DIDLOC=2 -AEEDATA=00h-0FFh/02100h \
  -peeprom_data=EEDATA -DEEDATA=2 -DCODE=2 -DSTRCODE=2 -DSTRING=2 -DCONST=2 \
  -DENTRY=2 -k C:\Users\bagwan\AppData\Local\Temp\s54k.obj \
  dist/default/production\IrRemoteExample1.production.obj 

Object code version is 3.11

Machine type is 16F877A



                Name                               Link     Load   Length Selector   Space Scale
C:\Users\bagwan\AppData\Local\Temp\s54k.obj
                end_init                             12       12        3        8       0
                reset_vec                             0        0        3        0       0
                config                             2007     2007        1     400E       0
dist/default/production\IrRemoteExample1.production.obj
                cinit                                15       15       15        8       0
                intentry                              4        4        E        8       0
                text9                               333      333       AB        8       0
                text8                               3DE      3DE       60        8       0
                text7                               43E      43E       59        8       0
                text6                               51D      51D       16      A3A       0
                text5                               546      546        9      A3A       0
                text4                               533      533       13      A3A       0
                text3                               23F      23F       F4        8       0
                text2                               4E4      4E4       20        8       0
                text1                                2A       2A      215        8       0
                maintext                            497      497       4D        8       0
                cstackBANK0                          20       20       4B       20       1
                cstackCOMMON                         70       70        8       70       1
                bssBANK1                             A0       A0        6       A0       1
                bssBANK0                             6B       6B        4       20       1
                bssCOMMON                            78       78        5       70       1
                strings                             504      504       19      A08       0

TOTAL           Name                               Link     Load   Length     Space
        CLASS   STACK          

        CLASS   CODE           
                end_init                             12       12        3         0
                cinit                                15       15       15         0
                intentry                              4        4        E         0
                reset_vec                             0        0        3         0
                text9                               333      333       AB         0
                text8                               3DE      3DE       60         0
                text7                               43E      43E       59         0
                text6                               51D      51D       16         0
                text5                               546      546        9         0
                text4                               533      533       13         0
                text3                               23F      23F       F4         0
                text2                               4E4      4E4       20         0
                text1                                2A       2A      215         0
                maintext                            497      497       4D         0

        CLASS   STRCODE        

        CLASS   STRING         
                strings                             504      504       19         0

        CLASS   CONST          

        CLASS   ENTRY          

        CLASS   COMMON         
                cstackCOMMON                         70       70        8         1
                bssCOMMON                            78       78        5         1

        CLASS   BANK0          
                cstackBANK0                          20       20       4B         1
                bssBANK0                             6B       6B        4         1

        CLASS   BANK1          
                bssBANK1                             A0       A0        6         1

        CLASS   BANK2          

        CLASS   BANK3          

        CLASS   RAM            

        CLASS   ABS1           
                abs_s1                               7E       7E        2         1

        CLASS   SFR0           

        CLASS   SFR1           

        CLASS   SFR2           

        CLASS   SFR3           

        CLASS   CONFIG         
                config                             2007     2007        1         0

        CLASS   IDLOC          

        CLASS   EEDATA         



SEGMENTS        Name                           Load    Length   Top    Selector   Space  Class     Delta

                reset_vec                      000000  000003  000003         0       0  CODE        2
                intentry                       000004  000500  000504         8       0  CODE        2
                cstackBANK0                    000020  00004F  00006F        20       1  BANK0       1
                cstackCOMMON                   000070  00000D  00007D        70       1  COMMON      1
                bssBANK1                       0000A0  000006  0000A6        A0       1  BANK1       1
                strings                        000504  000019  00051D       A08       0  STRING      2
                text6                          00051D  000032  00054F       A3A       0  CODE        2
                config                         002007  000001  002008      400E       0  CONFIG      2


UNUSED ADDRESS RANGES

        Name                Unused          Largest block    Delta
        BANK0            006F-006F              1           1
        BANK1            00A6-00EF             4A           1
        BANK2            0110-016F             60           1
        BANK3            0190-01EF             60           1
        CODE             0003-0003              1           2
                         054F-1FFF            800
        COMMON           007D-007D              1           1
        CONST            0003-0003              1           2
                         054F-1FFF            100
        EEDATA           2100-21FF            100           2
        ENTRY            0003-0003              1           2
                         054F-1FFF            100
        IDLOC            2000-2003              4           2
        RAM              006F-006F              1           1
                         00A6-00EF             4A
                         0110-016F             60
                         0190-01EF             60
        SFR0             0000-001F             20           1
        SFR1             0080-009F             20           1
        SFR2             0100-010F             10           1
        SFR3             0180-018F             10           1
        STACK            0110-016F             60           1
        STRCODE          0003-0003              1           2
                         054F-1FFF           1AB1
        STRING           0003-0003              1           2
                         054F-1FFF            100

                                  Symbol Table

?_UART_Printf                            cstackBANK0  0051
?___lldiv                                cstackBANK0  0020
UART_Init@v_baudRate_u32                 cstackBANK0  0038
UART_Printf@argList                      cstackBANK0  0058
UART_Printf@argp                         cstackBANK0  0068
UART_Printf@ch                           cstackBANK0  0066
UART_Printf@ptr                          cstackBANK0  0065
UART_Printf@str                          cstackBANK0  0057
UART_Printf@v_numOfDigitsToTransmit_u8   cstackBANK0  0067
UART_Printf@v_num_s16                    cstackBANK0  005D
UART_Printf@v_num_s32                    cstackBANK0  0059
UART_Printf@v_num_u16                    cstackBANK0  0063
UART_Printf@v_num_u32                    cstackBANK0  005F
UART_SetBaudRate@RegValue                cstackBANK0  0037
UART_SetBaudRate@v_baudRate_u32          cstackBANK0  002E
UART_TxChar@v_uartData_u8                cstackBANK0  0020
UART_TxNumber@a                          cstackBANK0  0043
UART_TxNumber@i                          cstackBANK0  0050
UART_TxNumber@v_numOfDigitsToTransmit_u8 cstackBANK0  0036
UART_TxNumber@v_number_u32               cstackBANK0  0032
UART_TxNumber@v_numericSystem_u8         cstackBANK0  004F
UART_TxString@ptr_string                 cstackBANK0  0022
_GIE                                     (abs)        005F
_INTE                                    (abs)        005C
_INTF                                    (abs)        0059
_OPTION_REG                              (abs)        0081
_OverFlowFlag                            bssCOMMON    007C
_PEIE                                    (abs)        005E
_PORTA                                   (abs)        0005
_PORTB                                   (abs)        0006
_PORTC                                   (abs)        0007
_PORTD                                   (abs)        0008
_PORTE                                   (abs)        0009
_RCIF                                    (abs)        0065
_RCREG                                   (abs)        001A
_RCSTA                                   (abs)        0018
_SPBRG                                   (abs)        0099
_TMR0                                    (abs)        0001
_TMR0IE                                  (abs)        005D
_TMR0IF                                  (abs)        005A
_TMR1ON                                  (abs)        0080
_TRISA                                   (abs)        0085
_TRISB                                   (abs)        0086
_TRISC                                   (abs)        0087
_TRISD                                   (abs)        0088
_TRISE                                   (abs)        0089
_TXIF                                    (abs)        0064
_TXREG                                   (abs)        0019
_TXSTA                                   (abs)        0098
_UART_Init                               text6        051D
_UART_Printf                             text1        002A
_UART_SetBaudRate                        text7        043E
_UART_TxChar                             text5        0546
_UART_TxNumber                           text3        023F
_UART_TxNumber$173                       cstackBANK0  004D
_UART_TxString                           text2        04E4
__CFG_BOREN$OFF                          (abs)        0000
__CFG_CP$OFF                             (abs)        0000
__CFG_CPD$OFF                            (abs)        0000
__CFG_FOSC$HS                            (abs)        0000
__CFG_LVP$ON                             (abs)        0000
__CFG_PWRTE$OFF                          (abs)        0000
__CFG_WDTE$OFF                           (abs)        0000
__CFG_WRT$OFF                            (abs)        0000
__Habs1                                  abs1         0000
__Hbank0                                 bank0        0000
__Hbank1                                 bank1        0000
__Hbank2                                 bank2        0000
__Hbank3                                 bank3        0000
__HbssBANK0                              bssBANK0     0000
__HbssBANK1                              bssBANK1     0000
__HbssCOMMON                             bssCOMMON    0000
__Hcinit                                 cinit        002A
__Hclrtext                               clrtext      0000
__Hcode                                  code         0000
__Hcommon                                common       0000
__Hconfig                                config       2008
__HcstackBANK0                           cstackBANK0  0000
__HcstackCOMMON                          cstackCOMMON 0000
__Heeprom_data                           eeprom_data  0000
__Hend_init                              end_init     0015
__Hfunctab                               functab      0000
__Hidloc                                 idloc        0000
__Hinit                                  init         0012
__Hintentry                              intentry     0012
__Hmaintext                              maintext     0000
__Hpowerup                               powerup      0000
__Hram                                   ram          0000
__Hreset_vec                             reset_vec    0003
__Hsfr0                                  sfr0         0000
__Hsfr1                                  sfr1         0000
__Hsfr2                                  sfr2         0000
__Hsfr3                                  sfr3         0000
__Hspace_0                               (abs)        2008
__Hspace_1                               (abs)        00A6
__Hspace_2                               (abs)        0000
__Hspace_3                               (abs)        0000
__Hstack                                 stack        0000
__Hstrings                               strings      0000
__Htext                                  text         0000
__Labs1                                  abs1         0000
__Lbank0                                 bank0        0000
__Lbank1                                 bank1        0000
__Lbank2                                 bank2        0000
__Lbank3                                 bank3        0000
__LbssBANK0                              bssBANK0     0000
__LbssBANK1                              bssBANK1     0000
__LbssCOMMON                             bssCOMMON    0000
__Lcinit                                 cinit        0015
__Lclrtext                               clrtext      0000
__Lcode                                  code         0000
__Lcommon                                common       0000
__Lconfig                                config       2007
__LcstackBANK0                           cstackBANK0  0000
__LcstackCOMMON                          cstackCOMMON 0000
__Leeprom_data                           eeprom_data  0000
__Lend_init                              end_init     0012
__Lfunctab                               functab      0000
__Lidloc                                 idloc        0000
__Linit                                  init         0012
__Lintentry                              intentry     0004
__Lmaintext                              maintext     0000
__Lpowerup                               powerup      0000
__Lram                                   ram          0000
__Lreset_vec                             reset_vec    0000
__Lsfr0                                  sfr0         0000
__Lsfr1                                  sfr1         0000
__Lsfr2                                  sfr2         0000
__Lsfr3                                  sfr3         0000
__Lspace_0                               (abs)        0000
__Lspace_1                               (abs)        0000
__Lspace_2                               (abs)        0000
__Lspace_3                               (abs)        0000
__Lstack                                 stack        0000
__Lstrings                               strings      0000
__Ltext                                  text         0000
__S0                                     (abs)        2008
__S1                                     (abs)        00A6
__S2                                     (abs)        0000
__S3                                     (abs)        0000
___bmul                                  text4        0533
___bmul@multiplicand                     cstackBANK0  002E
___bmul@multiplier                       cstackBANK0  0031
___bmul@product                          cstackBANK0  0030
___int_sp                                stack        0000
___latbits                               (abs)        0002
___lldiv                                 text8        03DE
___lldiv@counter                         cstackBANK0  002D
___lldiv@dividend                        cstackBANK0  0024
___lldiv@divisor                         cstackBANK0  0020
___lldiv@quotient                        cstackBANK0  0029
___sp                                    stack        0000
__end_of_UART_Init                       text6        0533
__end_of_UART_Printf                     text1        023F
__end_of_UART_SetBaudRate                text7        0497
__end_of_UART_TxChar                     text5        054F
__end_of_UART_TxNumber                   text3        0333
__end_of_UART_TxString                   text2        0504
__end_of___bmul                          text4        0546
__end_of___lldiv                         text8        043E
__end_of__initialization                 cinit        0026
__end_of__stringtab                      strings      050A
__end_of_interrupt_isr                   text9        03DE
__end_of_main                            maintext     04E4
__initialization                         cinit        0015
__pbssBANK0                              bssBANK0     006B
__pbssBANK1                              bssBANK1     00A0
__pbssCOMMON                             bssCOMMON    0078
__pcstackBANK0                           cstackBANK0  0020
__pcstackCOMMON                          cstackCOMMON 0070
__pintentry                              intentry     0004
__pmaintext                              maintext     0497
__pstrings                               strings      0504
__ptext1                                 text1        002A
__ptext2                                 text2        04E4
__ptext3                                 text3        023F
__ptext4                                 text4        0533
__ptext5                                 text5        0546
__ptext6                                 text6        051D
__ptext7                                 text7        043E
__ptext8                                 text8        03DE
__ptext9                                 text9        0333
__size_of_UART_Init                      (abs)        0000
__size_of_UART_Printf                    (abs)        0000
__size_of_UART_SetBaudRate               (abs)        0000
__size_of_UART_TxChar                    (abs)        0000
__size_of_UART_TxNumber                  (abs)        0000
__size_of_UART_TxString                  (abs)        0000
__size_of___bmul                         (abs)        0000
__size_of___lldiv                        (abs)        0000
__size_of_interrupt_isr                  (abs)        0000
__size_of_main                           (abs)        0000
__stringbase                             strings      0509
__stringtab                              strings      0504
_bitCnt                                  bssCOMMON    0078
_bitPattern                              bssBANK1     00A0
_flag                                    bssBANK1     00A4
_interrupt_isr                           text9        0333
_main                                    maintext     0497
_newChar                                 bssBANK0     006B
_timeValue                               bssCOMMON    007A
btemp                                    (abs)        007E
end_of_initialization                    cinit        0026
interrupt_function                       intentry     0004
intlevel0                                functab      0000
intlevel1                                functab      0000
intlevel2                                functab      0000
intlevel3                                functab      0000
intlevel4                                functab      0000
intlevel5                                functab      0000
ltemp                                    (abs)        007E
ltemp0                                   (abs)        007E
ltemp1                                   (abs)        0082
ltemp2                                   (abs)        0086
ltemp3                                   (abs)        0080
main@oldCnt                              cstackBANK0  0069
reset_vec                                reset_vec    0000
saved_w                                  (abs)        007E
stackhi                                  (abs)        0000
stacklo                                  (abs)        0000
start                                    init         0012
start_initialization                     cinit        0015
ttemp                                    (abs)        007E
ttemp0                                   (abs)        007E
ttemp1                                   (abs)        0081
ttemp2                                   (abs)        0084
ttemp3                                   (abs)        0087
ttemp4                                   (abs)        007F
wtemp                                    (abs)        007E
wtemp0                                   (abs)        007E
wtemp1                                   (abs)        0080
wtemp2                                   (abs)        0082
wtemp3                                   (abs)        0084
wtemp4                                   (abs)        0086
wtemp5                                   (abs)        0088
wtemp6                                   (abs)        007F


FUNCTION INFORMATION:

 *************** function _main *****************
 Defined at:
		line 55 in file "main.c"
 Parameters:    Size  Location     Type
		None
 Auto vars:     Size  Location     Type
  oldCnt          2   73[BANK0 ] int 
 Return value:  Size  Location     Type
                  2   56[None  ] int 
 Registers used:
		wreg, fsr0l, fsr0h, status,2, status,0, pclath, cstack
 Tracked objects:
		On entry : 
		On exit  : 
		Unchanged: 
 Data sizes:     COMMON   BANK0   BANK1   BANK3   BANK2
      Params:         0       0       0       0       0
      Locals:         0       2       0       0       0
      Temps:          0       0       0       0       0
      Totals:         0       2       0       0       0
Total ram usage:        2 bytes
 Hardware stack levels required when called:    4
 This function calls:
		_UART_Init
		_UART_Printf
		_UART_TxString
 This function is called by:
		Startup code after reset
 This function uses a non-reentrant model


 *************** function _UART_Printf *****************
 Defined at:
		line 413 in file "../../SampleCode/00-libfiles/uart.c"
 Parameters:    Size  Location     Type
  argList         1    wreg     PTR const unsigned char 
		 -> STR_2(9), 
 Auto vars:     Size  Location     Type
  argList         1   56[BANK0 ] PTR const unsigned char 
		 -> STR_2(9), 
  v_num_u32       4   63[BANK0 ] unsigned long 
  v_num_s32       4   57[BANK0 ] long 
  v_num_u16       2   67[BANK0 ] unsigned int 
  v_num_s16       2   61[BANK0 ] int 
  argp            1   72[BANK0 ] PTR void [1]
		 -> ?_UART_Printf(1), 
  v_numOfDigit    1   71[BANK0 ] unsigned char 
  ch              1   70[BANK0 ] unsigned char 
  ptr             1   69[BANK0 ] PTR const unsigned char 
		 -> STR_2(9), 
  str             1   55[BANK0 ] PTR unsigned char 
 Return value:  Size  Location     Type
                  1    wreg      void 
 Registers used:
		wreg, fsr0l, fsr0h, status,2, status,0, pclath, cstack
 Tracked objects:
		On entry : 
		On exit  : 
		Unchanged: 
 Data sizes:     COMMON   BANK0   BANK1   BANK3   BANK2
      Params:         0       4       0       0       0
      Locals:         0      18       0       0       0
      Temps:          0       2       0       0       0
      Totals:         0      24       0       0       0
Total ram usage:       24 bytes
 Hardware stack levels used:    1
 Hardware stack levels required when called:    3
 This function calls:
		_UART_TxChar
		_UART_TxNumber
		_UART_TxString
		___bmul
 This function is called by:
		_main
 This function uses a non-reentrant model


 *************** function _UART_TxString *****************
 Defined at:
		line 169 in file "../../SampleCode/00-libfiles/uart.c"
 Parameters:    Size  Location     Type
  ptr_string      1    wreg     PTR const unsigned char 
		 -> STR_1(10), 
 Auto vars:     Size  Location     Type
  ptr_string      1    2[BANK0 ] PTR const unsigned char 
		 -> STR_1(10), 
 Return value:  Size  Location     Type
                  1    wreg      void 
 Registers used:
		wreg, fsr0l, fsr0h, status,2, status,0, pclath, cstack
 Tracked objects:
		On entry : 
		On exit  : 
		Unchanged: 
 Data sizes:     COMMON   BANK0   BANK1   BANK3   BANK2
      Params:         0       0       0       0       0
      Locals:         0       1       0       0       0
      Temps:          0       1       0       0       0
      Totals:         0       2       0       0       0
Total ram usage:        2 bytes
 Hardware stack levels used:    1
 Hardware stack levels required when called:    2
 This function calls:
		_UART_TxChar
 This function is called by:
		_main
		_UART_Printf
 This function uses a non-reentrant model


 *************** function _UART_TxNumber *****************
 Defined at:
		line 260 in file "../../SampleCode/00-libfiles/uart.c"
 Parameters:    Size  Location     Type
  v_numericSys    1    wreg     unsigned char 
  v_number_u32    4   18[BANK0 ] unsigned long 
  v_numOfDigit    1   22[BANK0 ] unsigned char 
 Auto vars:     Size  Location     Type
  v_numericSys    1   47[BANK0 ] unsigned char 
  a              10   35[BANK0 ] unsigned char [10]
  i               1   48[BANK0 ] unsigned char 
 Return value:  Size  Location     Type
                  1    wreg      void 
 Registers used:
		wreg, fsr0l, fsr0h, status,2, status,0, pclath, cstack
 Tracked objects:
		On entry : 
		On exit  : 
		Unchanged: 
 Data sizes:     COMMON   BANK0   BANK1   BANK3   BANK2
      Params:         0       5       0       0       0
      Locals:         0      14       0       0       0
      Temps:          0      12       0       0       0
      Totals:         0      31       0       0       0
Total ram usage:       31 bytes
 Hardware stack levels used:    1
 Hardware stack levels required when called:    2
 This function calls:
		_UART_TxChar
		___bmul
		___lldiv
 This function is called by:
		_UART_Printf
 This function uses a non-reentrant model


 *************** function ___bmul *****************
 Defined at:
		line 4 in file "C:\Program Files\Microchip\xc8\v1.36\sources\common\Umul8.c"
 Parameters:    Size  Location     Type
  multiplier      1    wreg     unsigned char 
  multiplicand    1   14[BANK0 ] unsigned char 
 Auto vars:     Size  Location     Type
  multiplier      1   17[BANK0 ] unsigned char 
  product         1   16[BANK0 ] unsigned char 
 Return value:  Size  Location     Type
                  1    wreg      unsigned char 
 Registers used:
		wreg, status,2, status,0
 Tracked objects:
		On entry : 
		On exit  : 
		Unchanged: 
 Data sizes:     COMMON   BANK0   BANK1   BANK3   BANK2
      Params:         0       1       0       0       0
      Locals:         0       2       0       0       0
      Temps:          0       1       0       0       0
      Totals:         0       4       0       0       0
Total ram usage:        4 bytes
 Hardware stack levels used:    1
 Hardware stack levels required when called:    1
 This function calls:
		Nothing
 This function is called by:
		_UART_TxNumber
		_UART_Printf
 This function uses a non-reentrant model


 *************** function _UART_TxChar *****************
 Defined at:
		line 145 in file "../../SampleCode/00-libfiles/uart.c"
 Parameters:    Size  Location     Type
  v_uartData_u    1    wreg     unsigned char 
 Auto vars:     Size  Location     Type
  v_uartData_u    1    0[BANK0 ] unsigned char 
 Return value:  Size  Location     Type
                  1    wreg      void 
 Registers used:
		wreg
 Tracked objects:
		On entry : 
		On exit  : 
		Unchanged: 
 Data sizes:     COMMON   BANK0   BANK1   BANK3   BANK2
      Params:         0       0       0       0       0
      Locals:         0       1       0       0       0
      Temps:          0       0       0       0       0
      Totals:         0       1       0       0       0
Total ram usage:        1 bytes
 Hardware stack levels used:    1
 Hardware stack levels required when called:    1
 This function calls:
		Nothing
 This function is called by:
		_UART_TxString
		_UART_TxNumber
		_UART_Printf
		_UART_RxString
 This function uses a non-reentrant model


 *************** function _UART_Init *****************
 Defined at:
		line 66 in file "../../SampleCode/00-libfiles/uart.c"
 Parameters:    Size  Location     Type
  v_baudRate_u    4   24[BANK0 ] unsigned long 
 Auto vars:     Size  Location     Type
		None
 Return value:  Size  Location     Type
                  1    wreg      void 
 Registers used:
		wreg, status,2, status,0, pclath, cstack
 Tracked objects:
		On entry : 
		On exit  : 
		Unchanged: 
 Data sizes:     COMMON   BANK0   BANK1   BANK3   BANK2
      Params:         0       4       0       0       0
      Locals:         0       0       0       0       0
      Temps:          0       0       0       0       0
      Totals:         0       4       0       0       0
Total ram usage:        4 bytes
 Hardware stack levels used:    1
 Hardware stack levels required when called:    3
 This function calls:
		_UART_SetBaudRate
 This function is called by:
		_main
 This function uses a non-reentrant model


 *************** function _UART_SetBaudRate *****************
 Defined at:
		line 91 in file "../../SampleCode/00-libfiles/uart.c"
 Parameters:    Size  Location     Type
  v_baudRate_u    4   14[BANK0 ] unsigned long 
 Auto vars:     Size  Location     Type
  RegValue        1   23[BANK0 ] unsigned char 
 Return value:  Size  Location     Type
                  1    wreg      void 
 Registers used:
		wreg, status,2, status,0, pclath, cstack
 Tracked objects:
		On entry : 
		On exit  : 
		Unchanged: 
 Data sizes:     COMMON   BANK0   BANK1   BANK3   BANK2
      Params:         0       4       0       0       0
      Locals:         0       1       0       0       0
      Temps:          0       5       0       0       0
      Totals:         0      10       0       0       0
Total ram usage:       10 bytes
 Hardware stack levels used:    1
 Hardware stack levels required when called:    2
 This function calls:
		___lldiv
 This function is called by:
		_UART_Init
 This function uses a non-reentrant model


 *************** function ___lldiv *****************
 Defined at:
		line 6 in file "C:\Program Files\Microchip\xc8\v1.36\sources\common\lldiv.c"
 Parameters:    Size  Location     Type
  divisor         4    0[BANK0 ] unsigned long 
  dividend        4    4[BANK0 ] unsigned long 
 Auto vars:     Size  Location     Type
  quotient        4    9[BANK0 ] unsigned long 
  counter         1   13[BANK0 ] unsigned char 
 Return value:  Size  Location     Type
                  4    0[BANK0 ] unsigned long 
 Registers used:
		wreg, status,2, status,0
 Tracked objects:
		On entry : 
		On exit  : 
		Unchanged: 
 Data sizes:     COMMON   BANK0   BANK1   BANK3   BANK2
      Params:         0       8       0       0       0
      Locals:         0       5       0       0       0
      Temps:          0       1       0       0       0
      Totals:         0      14       0       0       0
Total ram usage:       14 bytes
 Hardware stack levels used:    1
 Hardware stack levels required when called:    1
 This function calls:
		Nothing
 This function is called by:
		_UART_SetBaudRate
		_UART_TxNumber
 This function uses a non-reentrant model


 *************** function _interrupt_isr *****************
 Defined at:
		line 11 in file "main.c"
 Parameters:    Size  Location     Type
		None
 Auto vars:     Size  Location     Type
		None
 Return value:  Size  Location     Type
                  1    wreg      void 
 Registers used:
		wreg, status,2, status,0, btemp+1
 Tracked objects:
		On entry : 
		On exit  : 
		Unchanged: 
 Data sizes:     COMMON   BANK0   BANK1   BANK3   BANK2
      Params:         0       0       0       0       0
      Locals:         0       0       0       0       0
      Temps:          8       0       0       0       0
      Totals:         8       0       0       0       0
Total ram usage:        8 bytes
 Hardware stack levels used:    1
 This function calls:
		Nothing
 This function is called by:
		Interrupt level 1
 This function uses a non-reentrant model



MODULE INFORMATION

Module		Function		Class		Link	Load	Size
../../SampleCode/00-libfiles/uart.c
		_UART_TxString 		CODE           	04E4	0000	33
		_UART_TxNumber 		CODE           	023F	0000	245
		_UART_Init     		CODE           	051D	0000	23
		_UART_Printf   		CODE           	002A	0000	534
		_UART_SetBaudRate		CODE           	043E	0000	90
		_UART_TxChar   		CODE           	0546	0000	10

../../SampleCode/00-libfiles/uart.c estimated size: 935

shared
		__stringtab    		STRING         	0504	0000	7
		__initialization		CODE           	0015	0000	18

shared estimated size: 25

C:\Program Files\Microchip\xc8\v1.36\sources\common\lldiv.c
		___lldiv       		CODE           	03DE	0000	97

C:\Program Files\Microchip\xc8\v1.36\sources\common\lldiv.c estimated size: 97

C:\Program Files\Microchip\xc8\v1.36\sources\common\Umul8.c
		___bmul        		CODE           	0533	0000	20

C:\Program Files\Microchip\xc8\v1.36\sources\common\Umul8.c estimated size: 20

main.c
		_main          		CODE           	0497	0000	78
		_interrupt_isr 		CODE           	0333	0000	172

main.c estimated size: 250

