Microchip MPLAB XC8 Compiler V1.32 ()

Linker command line:

--edf=C:\Program Files\Microchip\xc8\v1.32\dat\en_msgs.txt -cs \
  -h+dist/default/production\ADC_Pot.X.production.sym \
  --cmf=dist/default/production\ADC_Pot.X.production.cmf -z -Q16F877A \
  -oC:\Users\desktop\AppData\Local\Temp\s730.6 \
  -Mdist/default/production/ADC_Pot.X.production.map -E1 -ver=XC8 \
  -ASTACK=0110h-016fh -pstack=STACK -ACONST=00h-0FFhx32 -ACODE=00h-07FFhx4 \
  -ASTRCODE=00h-01FFFh -AENTRY=00h-0FFhx32 -ASTRING=00h-0FFhx32 \
  -ACOMMON=070h-07Fh -ABANK0=020h-06Fh -ABANK1=0A0h-0EFh \
  -ABANK2=0110h-016Fh -ABANK3=0190h-01EFh \
  -ARAM=020h-06Fh,0A0h-0EFh,0110h-016Fh,0190h-01EFh \
  -AABS1=020h-07Fh,0A0h-0EFh,0110h-016Fh,0190h-01EFh -ASFR0=00h-01Fh \
  -ASFR1=080h-09Fh -ASFR2=0100h-010Fh -ASFR3=0180h-018Fh \
  -preset_vec=00h,intentry,init,end_init -ppowerup=CODE -pcinit=CODE \
  -pfunctab=CODE -ACONFIG=02007h-02007h -pconfig=CONFIG -DCONFIG=2 \
  -AIDLOC=02000h-02003h -pidloc=IDLOC -DIDLOC=2 -AEEDATA=00h-0FFh/02100h \
  -peeprom_data=EEDATA -DEEDATA=2 -DCODE=2 -DSTRCODE=2 -DSTRING=2 -DCONST=2 \
  -DENTRY=2 -k C:\Users\desktop\AppData\Local\Temp\s730.obj \
  dist/default/production\ADC_Pot.X.production.obj 

Object code version is 3.11

Machine type is 16F877A



                Name                               Link     Load   Length Selector   Space Scale
C:\Users\desktop\AppData\Local\Temp\s730.obj
                end_init                              0        0        3        0       0
                config                             2007     2007        1     400E       0
dist/default/production\ADC_Pot.X.production.obj
                cinit                               7FC      7FC        4      FF8       0
                text11                              3A0      3A0        B      740       0
                text10                              3E9      3E9       26      7D2       0
                text9                               38F      38F        8      71E       0
                text8                               496      496       5E      92C       0
                text7                               43E      43E       58      87C       0
                text6                               3D3      3D3       16      7A6       0
                text5                               397      397        9      72E       0
                text4                               3AB      3AB       13      756       0
                text3                               4F4      4F4       F1      9E8       0
                text2                               3BE      3BE       15      77C       0
                text1                               5E5      5E5      217      BCA       0
                maintext                            40F      40F       2F      81E       0
                cstackBANK0                          20       20       3B       20       1
                cstackCOMMON                         70       70        E       70       1
                strings                               3        3       18        6       0

TOTAL           Name                               Link     Load   Length     Space
        CLASS   STACK          

        CLASS   CONST          

        CLASS   CODE           
                end_init                              0        0        3         0
                cinit                               7FC      7FC        4         0
                text11                              3A0      3A0        B         0
                text10                              3E9      3E9       26         0
                text9                               38F      38F        8         0
                text8                               496      496       5E         0
                text7                               43E      43E       58         0
                text6                               3D3      3D3       16         0
                text5                               397      397        9         0
                text4                               3AB      3AB       13         0
                text3                               4F4      4F4       F1         0
                text2                               3BE      3BE       15         0
                text1                               5E5      5E5      217         0
                maintext                            40F      40F       2F         0

        CLASS   STRCODE        

        CLASS   ENTRY          

        CLASS   STRING         
                strings                               3        3       18         0

        CLASS   COMMON         
                cstackCOMMON                         70       70        E         1

        CLASS   BANK0          
                cstackBANK0                          20       20       3B         1

        CLASS   BANK1          

        CLASS   BANK2          

        CLASS   BANK3          

        CLASS   RAM            

        CLASS   ABS1           
                abs_s1                               7E       7E        2         1

        CLASS   SFR0           

        CLASS   SFR1           

        CLASS   SFR2           

        CLASS   SFR3           

        CLASS   CONFIG         
                config                             2007     2007        1         0

        CLASS   IDLOC          

        CLASS   EEDATA         



SEGMENTS        Name                           Load    Length   Top    Selector   Space  Class     Delta

                reset_vec                      000000  000003  000003         0       0  CODE        2
                strings                        000003  000018  00001B         6       0  STRING      2
                cstackBANK0                    000020  00003B  00005B        20       1  BANK0       1
                cstackCOMMON                   000070  00000E  00007E        70       1  COMMON      1
                text9                          00038F  000008  000397       71E       0  CODE        2
                text5                          000397  000009  0003A0       72E       0  CODE        2
                text11                         0003A0  00000B  0003AB       740       0  CODE        2
                text4                          0003AB  000013  0003BE       756       0  CODE        2
                text2                          0003BE  000015  0003D3       77C       0  CODE        2
                text6                          0003D3  000016  0003E9       7A6       0  CODE        2
                text10                         0003E9  000026  00040F       7D2       0  CODE        2
                maintext                       00040F  00002F  00043E       81E       0  CODE        2
                text7                          00043E  000058  000496       87C       0  CODE        2
                text8                          000496  00005E  0004F4       92C       0  CODE        2
                text3                          0004F4  0000F1  0005E5       9E8       0  CODE        2
                text1                          0005E5  000217  0007FC       BCA       0  CODE        2
                cinit                          0007FC  000004  000800       FF8       0  CODE        2
                config                         002007  000001  002008      400E       0  CONFIG      2


UNUSED ADDRESS RANGES

        Name                Unused          Largest block    Delta
        BANK0            005B-006F             15           1
        BANK1            00A0-00EF             50           1
        BANK2            0110-016F             60           1
        BANK3            0190-01EF             60           1
        CODE             001B-038E            374           2
                         0800-1FFF            800
        CONST            001B-038E            100           2
                         0800-1FFF            100
        EEDATA           2100-21FF            100           2
        ENTRY            001B-038E            100           2
                         0800-1FFF            100
        IDLOC            2000-2003              4           2
        RAM              005B-006F             15           1
                         00A0-00EF             50
                         0110-016F             60
                         0190-01EF             60
        SFR0             0000-001F             20           1
        SFR1             0080-009F             20           1
        SFR2             0100-010F             10           1
        SFR3             0180-018F             10           1
        STACK            0110-016F             60           1
        STRCODE          001B-038E            374           2
                         0800-1FFF           1800
        STRING           001B-038E            100           2
                         0800-1FFF            100

                                  Symbol Table

?_ADC_GetAdcValue                        cstackCOMMON 0072
?_UART_Printf                            cstackBANK0  0043
?___lldiv                                cstackCOMMON 0070
ADC_GetAdcValue@var_adcChannel_u8        cstackCOMMON 0075
DELAY_us@us_count                        cstackCOMMON 0070
UART_Init@v_baudRate_u32                 cstackBANK0  002A
UART_Printf@argList                      cstackBANK0  0048
UART_Printf@argp                         cstackBANK0  0058
UART_Printf@ch                           cstackBANK0  0056
UART_Printf@ptr                          cstackBANK0  0055
UART_Printf@str                          cstackBANK0  0047
UART_Printf@v_numOfDigitsToTransmit_u8   cstackBANK0  0057
UART_Printf@v_num_s16                    cstackBANK0  004D
UART_Printf@v_num_s32                    cstackBANK0  0049
UART_Printf@v_num_u16                    cstackBANK0  0053
UART_Printf@v_num_u32                    cstackBANK0  004F
UART_SetBaudRate@RegValue                cstackBANK0  0029
UART_SetBaudRate@v_baudRate_u32          cstackBANK0  0020
UART_TxChar@v_uartData_u8                cstackCOMMON 0070
UART_TxNumber@a                          cstackBANK0  0035
UART_TxNumber@i                          cstackBANK0  0042
UART_TxNumber@v_numOfDigitsToTransmit_u8 cstackBANK0  0028
UART_TxNumber@v_number_u32               cstackBANK0  0024
UART_TxNumber@v_numericSystem_u8         cstackBANK0  0041
UART_TxString@ptr_string                 cstackCOMMON 0072
_ADCON0                                  (abs)        001F
_ADCON1                                  (abs)        009F
_ADC_GetAdcValue                         text10       03E9
_ADC_Init                                text9        038F
_ADON                                    (abs)        00F8
_ADRESH                                  (abs)        001E
_ADRESL                                  (abs)        009E
_DELAY_us                                text11       03A0
_GO                                      (abs)        00FA
_GO_DONE                                 (abs)        00FA
_PORTA                                   (abs)        0005
_PORTB                                   (abs)        0006
_PORTC                                   (abs)        0007
_PORTD                                   (abs)        0008
_PORTE                                   (abs)        0009
_RCIF                                    (abs)        0065
_RCREG                                   (abs)        001A
_RCSTA                                   (abs)        0018
_SPBRG                                   (abs)        0099
_TRISA                                   (abs)        0085
_TRISB                                   (abs)        0086
_TRISC                                   (abs)        0087
_TRISD                                   (abs)        0088
_TRISE                                   (abs)        0089
_TXIF                                    (abs)        0064
_TXREG                                   (abs)        0019
_TXSTA                                   (abs)        0098
_UART_Init                               text6        03D3
_UART_Printf                             text1        05E5
_UART_SetBaudRate                        text7        043E
_UART_TxChar                             text5        0397
_UART_TxNumber                           text3        04F4
_UART_TxNumber$100                       cstackBANK0  003F
_UART_TxString                           text2        03BE
__CFG_BOREN$OFF                          (abs)        0000
__CFG_CP$OFF                             (abs)        0000
__CFG_CPD$OFF                            (abs)        0000
__CFG_FOSC$HS                            (abs)        0000
__CFG_LVP$ON                             (abs)        0000
__CFG_PWRTE$OFF                          (abs)        0000
__CFG_WDTE$OFF                           (abs)        0000
__CFG_WRT$OFF                            (abs)        0000
__Habs1                                  abs1         0000
__Hbank0                                 bank0        0000
__Hbank1                                 bank1        0000
__Hbank2                                 bank2        0000
__Hbank3                                 bank3        0000
__Hcinit                                 cinit        0800
__Hclrtext                               clrtext      0000
__Hcode                                  code         0000
__Hcommon                                common       0000
__Hconfig                                config       2008
__HcstackBANK0                           cstackBANK0  0000
__HcstackCOMMON                          cstackCOMMON 0000
__Heeprom_data                           eeprom_data  0000
__Hend_init                              end_init     0003
__Hfunctab                               functab      0000
__Hidloc                                 idloc        0000
__Hinit                                  init         0000
__Hintentry                              intentry     0000
__Hmaintext                              maintext     0000
__Hpowerup                               powerup      0000
__Hram                                   ram          0000
__Hreset_vec                             reset_vec    0000
__Hsfr0                                  sfr0         0000
__Hsfr1                                  sfr1         0000
__Hsfr2                                  sfr2         0000
__Hsfr3                                  sfr3         0000
__Hspace_0                               (abs)        2008
__Hspace_1                               (abs)        007E
__Hspace_2                               (abs)        0000
__Hspace_3                               (abs)        0000
__Hstack                                 stack        0000
__Hstrings                               strings      0000
__Htext                                  text         0000
__Labs1                                  abs1         0000
__Lbank0                                 bank0        0000
__Lbank1                                 bank1        0000
__Lbank2                                 bank2        0000
__Lbank3                                 bank3        0000
__Lcinit                                 cinit        07FC
__Lclrtext                               clrtext      0000
__Lcode                                  code         0000
__Lcommon                                common       0000
__Lconfig                                config       2007
__LcstackBANK0                           cstackBANK0  0000
__LcstackCOMMON                          cstackCOMMON 0000
__Leeprom_data                           eeprom_data  0000
__Lend_init                              end_init     0000
__Lfunctab                               functab      0000
__Lidloc                                 idloc        0000
__Linit                                  init         0000
__Lintentry                              intentry     0000
__Lmaintext                              maintext     0000
__Lpowerup                               powerup      0000
__Lram                                   ram          0000
__Lreset_vec                             reset_vec    0000
__Lsfr0                                  sfr0         0000
__Lsfr1                                  sfr1         0000
__Lsfr2                                  sfr2         0000
__Lsfr3                                  sfr3         0000
__Lspace_0                               (abs)        0000
__Lspace_1                               (abs)        0000
__Lspace_2                               (abs)        0000
__Lspace_3                               (abs)        0000
__Lstack                                 stack        0000
__Lstrings                               strings      0000
__Ltext                                  text         0000
__S0                                     (abs)        2008
__S1                                     (abs)        007E
__S2                                     (abs)        0000
__S3                                     (abs)        0000
___bmul                                  text4        03AB
___bmul@multiplicand                     cstackBANK0  0020
___bmul@multiplier                       cstackBANK0  0023
___bmul@product                          cstackBANK0  0022
___int_sp                                stack        0000
___latbits                               (abs)        0002
___lldiv                                 text8        0496
___lldiv@counter                         cstackCOMMON 007D
___lldiv@dividend                        cstackCOMMON 0074
___lldiv@divisor                         cstackCOMMON 0070
___lldiv@quotient                        cstackCOMMON 0079
___sp                                    stack        0000
__end_of_ADC_GetAdcValue                 text10       040F
__end_of_ADC_Init                        text9        0397
__end_of_DELAY_us                        text11       03AB
__end_of_UART_Init                       text6        03E9
__end_of_UART_Printf                     text1        07FC
__end_of_UART_SetBaudRate                text7        0496
__end_of_UART_TxChar                     text5        03A0
__end_of_UART_TxNumber                   text3        05E5
__end_of_UART_TxString                   text2        03D3
__end_of___bmul                          text4        03BE
__end_of___lldiv                         text8        04F4
__end_of__initialization                 cinit        07FC
__end_of__stringdata                     strings      001B
__end_of__stringtab                      strings      0009
__end_of_main                            maintext     043E
__initialization                         cinit        07FC
__pcstackBANK0                           cstackBANK0  0020
__pcstackCOMMON                          cstackCOMMON 0070
__pmaintext                              maintext     040F
__pstrings                               strings      0003
__ptext1                                 text1        05E5
__ptext10                                text10       03E9
__ptext11                                text11       03A0
__ptext2                                 text2        03BE
__ptext3                                 text3        04F4
__ptext4                                 text4        03AB
__ptext5                                 text5        0397
__ptext6                                 text6        03D3
__ptext7                                 text7        043E
__ptext8                                 text8        0496
__ptext9                                 text9        038F
__size_of_ADC_GetAdcValue                (abs)        0000
__size_of_ADC_Init                       (abs)        0000
__size_of_DELAY_us                       (abs)        0000
__size_of_UART_Init                      (abs)        0000
__size_of_UART_Printf                    (abs)        0000
__size_of_UART_SetBaudRate               (abs)        0000
__size_of_UART_TxChar                    (abs)        0000
__size_of_UART_TxNumber                  (abs)        0000
__size_of_UART_TxString                  (abs)        0000
__size_of___bmul                         (abs)        0000
__size_of___lldiv                        (abs)        0000
__size_of_main                           (abs)        0000
__stringbase                             strings      0008
__stringdata                             strings      0009
__stringtab                              strings      0003
_main                                    maintext     040F
btemp                                    (abs)        007E
end_of_initialization                    cinit        07FC
intlevel0                                functab      0000
intlevel1                                functab      0000
intlevel2                                functab      0000
intlevel3                                functab      0000
intlevel4                                functab      0000
intlevel5                                functab      0000
ltemp                                    (abs)        007E
ltemp0                                   (abs)        007E
ltemp1                                   (abs)        0082
ltemp2                                   (abs)        0086
ltemp3                                   (abs)        0080
main@adcValue                            cstackBANK0  0059
reset_vec                                reset_vec    0000
stackhi                                  (abs)        0000
stacklo                                  (abs)        0000
start                                    init         0000
start_initialization                     cinit        07FC
ttemp                                    (abs)        007E
ttemp0                                   (abs)        007E
ttemp1                                   (abs)        0081
ttemp2                                   (abs)        0084
ttemp3                                   (abs)        0087
ttemp4                                   (abs)        007F
wtemp                                    (abs)        007E
wtemp0                                   (abs)        007E
wtemp1                                   (abs)        0080
wtemp2                                   (abs)        0082
wtemp3                                   (abs)        0084
wtemp4                                   (abs)        0086
wtemp5                                   (abs)        0088
wtemp6                                   (abs)        007F


FUNCTION INFORMATION:

 *************** function _main *****************
 Defined at:
		line 13 in file "main.c"
 Parameters:    Size  Location     Type
		None
 Auto vars:     Size  Location     Type
  adcValue        2   57[BANK0 ] int 
 Return value:  Size  Location     Type
                  2   10[COMMON] int 
 Registers used:
		wreg, fsr0l, fsr0h, status,2, status,0, pclath, cstack
 Tracked objects:
		On entry : 
		On exit  : 
		Unchanged: 
 Data sizes:     COMMON   BANK0   BANK1   BANK3   BANK2
      Params:         0       0       0       0       0
      Locals:         0       2       0       0       0
      Temps:          0       0       0       0       0
      Totals:         0       2       0       0       0
Total ram usage:        2 bytes
 Hardware stack levels required when called:    3
 This function calls:
		_ADC_GetAdcValue
		_ADC_Init
		_UART_Init
		_UART_Printf
 This function is called by:
		Startup code after reset
 This function uses a non-reentrant model


 *************** function _UART_Printf *****************
 Defined at:
		line 413 in file "../../SampleCode/00-libfiles/uart.c"
 Parameters:    Size  Location     Type
  argList         1    wreg     PTR const unsigned char 
		 -> STR_1(18), 
 Auto vars:     Size  Location     Type
  argList         1   40[BANK0 ] PTR const unsigned char 
		 -> STR_1(18), 
  v_num_u32       4   47[BANK0 ] unsigned long 
  v_num_s32       4   41[BANK0 ] long 
  v_num_u16       2   51[BANK0 ] unsigned int 
  v_num_s16       2   45[BANK0 ] int 
  argp            1   56[BANK0 ] PTR void [1]
		 -> ?_UART_Printf(0), 
  v_numOfDigit    1   55[BANK0 ] unsigned char 
  ch              1   54[BANK0 ] unsigned char 
  ptr             1   53[BANK0 ] PTR const unsigned char 
		 -> STR_1(18), 
  str             1   39[BANK0 ] PTR unsigned char 
 Return value:  Size  Location     Type
		None               void
 Registers used:
		wreg, fsr0l, fsr0h, status,2, status,0, pclath, cstack
 Tracked objects:
		On entry : 
		On exit  : 
		Unchanged: 
 Data sizes:     COMMON   BANK0   BANK1   BANK3   BANK2
      Params:         0       2       0       0       0
      Locals:         0      18       0       0       0
      Temps:          0       2       0       0       0
      Totals:         0      22       0       0       0
Total ram usage:       22 bytes
 Hardware stack levels used:    1
 Hardware stack levels required when called:    2
 This function calls:
		_UART_TxChar
		_UART_TxNumber
		_UART_TxString
		___bmul
 This function is called by:
		_main
 This function uses a non-reentrant model


 *************** function _UART_TxString *****************
 Defined at:
		line 169 in file "../../SampleCode/00-libfiles/uart.c"
 Parameters:    Size  Location     Type
  ptr_string      1    wreg     PTR const unsigned char 
 Auto vars:     Size  Location     Type
  ptr_string      1    2[COMMON] PTR const unsigned char 
 Return value:  Size  Location     Type
		None               void
 Registers used:
		wreg, fsr0l, fsr0h, status,2, status,0, pclath, cstack
 Tracked objects:
		On entry : 
		On exit  : 
		Unchanged: 
 Data sizes:     COMMON   BANK0   BANK1   BANK3   BANK2
      Params:         0       0       0       0       0
      Locals:         1       0       0       0       0
      Temps:          1       0       0       0       0
      Totals:         2       0       0       0       0
Total ram usage:        2 bytes
 Hardware stack levels used:    1
 Hardware stack levels required when called:    1
 This function calls:
		_UART_TxChar
 This function is called by:
		_UART_Printf
 This function uses a non-reentrant model


 *************** function _UART_TxNumber *****************
 Defined at:
		line 260 in file "../../SampleCode/00-libfiles/uart.c"
 Parameters:    Size  Location     Type
  v_numericSys    1    wreg     unsigned char 
  v_number_u32    4    4[BANK0 ] unsigned long 
  v_numOfDigit    1    8[BANK0 ] unsigned char 
 Auto vars:     Size  Location     Type
  v_numericSys    1   33[BANK0 ] unsigned char 
  a              10   21[BANK0 ] unsigned char [10]
  i               1   34[BANK0 ] unsigned char 
 Return value:  Size  Location     Type
		None               void
 Registers used:
		wreg, fsr0l, fsr0h, status,2, status,0, pclath, cstack
 Tracked objects:
		On entry : 
		On exit  : 
		Unchanged: 
 Data sizes:     COMMON   BANK0   BANK1   BANK3   BANK2
      Params:         0       5       0       0       0
      Locals:         0      14       0       0       0
      Temps:          0      12       0       0       0
      Totals:         0      31       0       0       0
Total ram usage:       31 bytes
 Hardware stack levels used:    1
 Hardware stack levels required when called:    1
 This function calls:
		_UART_TxChar
		___bmul
		___lldiv
 This function is called by:
		_UART_Printf
 This function uses a non-reentrant model


 *************** function ___bmul *****************
 Defined at:
		line 4 in file "C:\Program Files\Microchip\xc8\v1.32\sources\common\Umul8.c"
 Parameters:    Size  Location     Type
  multiplier      1    wreg     unsigned char 
  multiplicand    1    0[BANK0 ] unsigned char 
 Auto vars:     Size  Location     Type
  multiplier      1    3[BANK0 ] unsigned char 
  product         1    2[BANK0 ] unsigned char 
 Return value:  Size  Location     Type
                  1    wreg      unsigned char 
 Registers used:
		wreg, status,2, status,0
 Tracked objects:
		On entry : 
		On exit  : 
		Unchanged: 
 Data sizes:     COMMON   BANK0   BANK1   BANK3   BANK2
      Params:         0       1       0       0       0
      Locals:         0       2       0       0       0
      Temps:          0       1       0       0       0
      Totals:         0       4       0       0       0
Total ram usage:        4 bytes
 Hardware stack levels used:    1
 This function calls:
		Nothing
 This function is called by:
		_UART_TxNumber
		_UART_Printf
 This function uses a non-reentrant model


 *************** function _UART_TxChar *****************
 Defined at:
		line 145 in file "../../SampleCode/00-libfiles/uart.c"
 Parameters:    Size  Location     Type
  v_uartData_u    1    wreg     unsigned char 
 Auto vars:     Size  Location     Type
  v_uartData_u    1    0[COMMON] unsigned char 
 Return value:  Size  Location     Type
		None               void
 Registers used:
		wreg
 Tracked objects:
		On entry : 
		On exit  : 
		Unchanged: 
 Data sizes:     COMMON   BANK0   BANK1   BANK3   BANK2
      Params:         0       0       0       0       0
      Locals:         1       0       0       0       0
      Temps:          0       0       0       0       0
      Totals:         1       0       0       0       0
Total ram usage:        1 bytes
 Hardware stack levels used:    1
 This function calls:
		Nothing
 This function is called by:
		_UART_TxString
		_UART_TxNumber
		_UART_Printf
		_UART_RxString
 This function uses a non-reentrant model


 *************** function _UART_Init *****************
 Defined at:
		line 66 in file "../../SampleCode/00-libfiles/uart.c"
 Parameters:    Size  Location     Type
  v_baudRate_u    4   10[BANK0 ] unsigned long 
 Auto vars:     Size  Location     Type
		None
 Return value:  Size  Location     Type
		None               void
 Registers used:
		wreg, status,2, status,0, pclath, cstack
 Tracked objects:
		On entry : 
		On exit  : 
		Unchanged: 
 Data sizes:     COMMON   BANK0   BANK1   BANK3   BANK2
      Params:         0       4       0       0       0
      Locals:         0       0       0       0       0
      Temps:          0       0       0       0       0
      Totals:         0       4       0       0       0
Total ram usage:        4 bytes
 Hardware stack levels used:    1
 Hardware stack levels required when called:    2
 This function calls:
		_UART_SetBaudRate
 This function is called by:
		_main
 This function uses a non-reentrant model


 *************** function _UART_SetBaudRate *****************
 Defined at:
		line 91 in file "../../SampleCode/00-libfiles/uart.c"
 Parameters:    Size  Location     Type
  v_baudRate_u    4    0[BANK0 ] unsigned long 
 Auto vars:     Size  Location     Type
  RegValue        1    9[BANK0 ] unsigned char 
 Return value:  Size  Location     Type
		None               void
 Registers used:
		wreg, status,2, status,0, pclath, cstack
 Tracked objects:
		On entry : 
		On exit  : 
		Unchanged: 
 Data sizes:     COMMON   BANK0   BANK1   BANK3   BANK2
      Params:         0       4       0       0       0
      Locals:         0       1       0       0       0
      Temps:          0       5       0       0       0
      Totals:         0      10       0       0       0
Total ram usage:       10 bytes
 Hardware stack levels used:    1
 Hardware stack levels required when called:    1
 This function calls:
		___lldiv
 This function is called by:
		_UART_Init
 This function uses a non-reentrant model


 *************** function ___lldiv *****************
 Defined at:
		line 6 in file "C:\Program Files\Microchip\xc8\v1.32\sources\common\lldiv.c"
 Parameters:    Size  Location     Type
  divisor         4    0[COMMON] unsigned long 
  dividend        4    4[COMMON] unsigned long 
 Auto vars:     Size  Location     Type
  quotient        4    9[COMMON] unsigned long 
  counter         1   13[COMMON] unsigned char 
 Return value:  Size  Location     Type
                  4    0[COMMON] unsigned long 
 Registers used:
		wreg, status,2, status,0
 Tracked objects:
		On entry : 
		On exit  : 
		Unchanged: 
 Data sizes:     COMMON   BANK0   BANK1   BANK3   BANK2
      Params:         8       0       0       0       0
      Locals:         5       0       0       0       0
      Temps:          1       0       0       0       0
      Totals:        14       0       0       0       0
Total ram usage:       14 bytes
 Hardware stack levels used:    1
 This function calls:
		Nothing
 This function is called by:
		_UART_SetBaudRate
		_UART_TxNumber
 This function uses a non-reentrant model


 *************** function _ADC_Init *****************
 Defined at:
		line 54 in file "../../SampleCode/00-libfiles/adc.c"
 Parameters:    Size  Location     Type
		None
 Auto vars:     Size  Location     Type
		None
 Return value:  Size  Location     Type
		None               void
 Registers used:
		wreg, status,2
 Tracked objects:
		On entry : 
		On exit  : 
		Unchanged: 
 Data sizes:     COMMON   BANK0   BANK1   BANK3   BANK2
      Params:         0       0       0       0       0
      Locals:         0       0       0       0       0
      Temps:          0       0       0       0       0
      Totals:         0       0       0       0       0
Total ram usage:        0 bytes
 Hardware stack levels used:    1
 This function calls:
		Nothing
 This function is called by:
		_main
 This function uses a non-reentrant model


 *************** function _ADC_GetAdcValue *****************
 Defined at:
		line 76 in file "../../SampleCode/00-libfiles/adc.c"
 Parameters:    Size  Location     Type
  var_adcChann    1    wreg     unsigned char 
 Auto vars:     Size  Location     Type
  var_adcChann    1    5[COMMON] unsigned char 
 Return value:  Size  Location     Type
                  2    2[COMMON] unsigned int 
 Registers used:
		wreg, status,2, status,0, pclath, cstack
 Tracked objects:
		On entry : 
		On exit  : 
		Unchanged: 
 Data sizes:     COMMON   BANK0   BANK1   BANK3   BANK2
      Params:         2       0       0       0       0
      Locals:         1       0       0       0       0
      Temps:          1       0       0       0       0
      Totals:         4       0       0       0       0
Total ram usage:        4 bytes
 Hardware stack levels used:    1
 Hardware stack levels required when called:    1
 This function calls:
		_DELAY_us
 This function is called by:
		_main
 This function uses a non-reentrant model


 *************** function _DELAY_us *****************
 Defined at:
		line 56 in file "../../SampleCode/00-libfiles/delay.c"
 Parameters:    Size  Location     Type
  us_count        2    0[COMMON] unsigned int 
 Auto vars:     Size  Location     Type
		None
 Return value:  Size  Location     Type
		None               void
 Registers used:
		wreg, status,2, status,0
 Tracked objects:
		On entry : 
		On exit  : 
		Unchanged: 
 Data sizes:     COMMON   BANK0   BANK1   BANK3   BANK2
      Params:         2       0       0       0       0
      Locals:         0       0       0       0       0
      Temps:          0       0       0       0       0
      Totals:         2       0       0       0       0
Total ram usage:        2 bytes
 Hardware stack levels used:    1
 This function calls:
		Nothing
 This function is called by:
		_ADC_GetAdcValue
		_DELAY_ms
 This function uses a non-reentrant model



MODULE INFORMATION

Module		Function		Class		Link	Load	Size
../../SampleCode/00-libfiles/uart.c
		_UART_TxString 		CODE           	03BE	0000	21
		_UART_TxNumber 		CODE           	04F4	0000	241
		_UART_Init     		CODE           	03D3	0000	22
		_UART_Printf   		CODE           	05E5	0000	535
		_UART_SetBaudRa		CODE           	043E	0000	88
		_UART_TxChar   		CODE           	0397	0000	9

../../SampleCode/00-libfiles/uart.c estimated size: 916

C:\Program Files\Microchip\xc8\v1.32\sources\common\lldiv.c
		___lldiv       		CODE           	0496	0000	94

C:\Program Files\Microchip\xc8\v1.32\sources\common\lldiv.c estimated size: 94

C:\Program Files\Microchip\xc8\v1.32\sources\common\Umul8.c
		___bmul        		CODE           	03AB	0000	19

C:\Program Files\Microchip\xc8\v1.32\sources\common\Umul8.c estimated size: 19

../../SampleCode/00-libfiles/adc.c
		_ADC_GetAdcValu		CODE           	03E9	0000	38
		_ADC_Init      		CODE           	038F	0000	8

../../SampleCode/00-libfiles/adc.c estimated size: 46

shared
		__stringtab    		STRING         	0003	0000	6
		__stringdata   		STRING         	0009	0000	18
		__initializatio		CODE           	07FC	0000	0

shared estimated size: 24

../../SampleCode/00-libfiles/delay.c
		_DELAY_us      		CODE           	03A0	0000	11

../../SampleCode/00-libfiles/delay.c estimated size: 11

main.c
		_main          		CODE           	040F	0000	47

main.c estimated size: 47

